PS C:\Users\chihiro\Desktop\git_tutorial> mkdir git_challenge


    ディレクトリ: C:\Users\chihiro\Desktop\git_tutoria 
    l


Mode                 LastWriteTime         Length Name 
----                 -------------         ------ ---- 
d-----        2023/11/22     14:38                git_ 
                                                  chal 
                                                  leng 
                                                  e    


PS C:\Users\chihiro\Desktop\git_tutorial> cd "C:\Users\chihiro\Desktop\git_C"
PS C:\Users\chihiro\Desktop\git_C> git init
Initialized empty Git repository in C:/Users/chihiro/Desktop/git_C/.git/
PS C:\Users\chihiro\Desktop\git_C> cd "C:\Users\chihiro\Desktop\git_C\git_challenge"
PS C:\Users\chihiro\Desktop\git_C\git_challenge> git init
Initialized empty Git repository in C:/Users/chihiro/Desktop/git_C/git_challenge/.git/


PS C:\Users\chihiro\Desktop\git_C\git_challenge> echo "Hello, world" >> hello_world.txt
PS C:\Users\chihiro\Desktop\git_C\git_challenge> git add  hello_world.txt
PS C:\Users\chihiro\Desktop\git_C\git_challenge> git commit -m " hello_world.txtを追加"
[main b5b84e8]  hello_world.txtを追加
 1 file changed, 0 insertions(+), 0 deletions(-)       
PS C:\Users\chihiro\Desktop\git_C\git_challenge> echo "こんにちは、世界！" >> hello_world.txt
PS C:\Users\chihiro\Desktop\git_C\git_challenge> git status
On branch main
Changes not staged for commit:
  (use "git add <file>..." to update what will be committed)
  (use "git restore <file>..." to discard changes in working directory)
        modified:   hello_world.txt



no changes added to commit (use "git add" and/or "git commit -a")
PS C:\Users\chihiro\Desktop\git_C\git_challenge> git add hello_world.txt
PS C:\Users\chihiro\Desktop\git_C\git_challenge> 
PS C:\Users\chihiro\Desktop\git_C\git_challenge> git commit -m "日本語訳を追加"           
[main 95e12b9] 日本語訳を追加
 1 file changed, 0 insertions(+), 0 deletions(-)       
PS C:\Users\chihiro\Desktop\git_C\git_challenge> git status
On branch main
nothing to commit, working tree clean
PS C:\Users\chihiro\Desktop\git_C\git_challenge> git log --oneline
95e12b9 (HEAD -> main) 日本語訳を追加
b5b84e8  hello_world.txtを追加
0f51268 最初のコミット
PS C:\Users\chihiro\Desktop\git_C\git_challenge> 